[23:35:11] [info] Engine: Initializing Engine
[23:35:11] [info] Engine: Built with Clang version: 21.1.8 
[23:35:11] [info] Engine: Initializing Core systems
[23:35:11] [info] Engine: [TaskScheduler] Created pool 'Core' with 23 threads (LowQueue=true)
[23:35:11] [info] Engine: [TaskScheduler] Core pool ready in 0 ms (23 threads)
[23:35:11] [info] Engine: Create Application
[23:35:12] [info] Engine: Create platform window [1600, 900]
[23:35:12] [info] Engine: [TaskScheduler] Created pool 'Streaming' with 1 threads (LowQueue=false)
[23:35:12] [info] RHI: Initializing RHI (Vulkan) - VkGfxDeviceImpl
[23:35:12] [info] RHI: Selected NVIDIA GeForce RTX 3080 with driver 2475425856.590.192 with Vulkan API version: 64.1.4
[23:35:13] [info] RHI: [RHI Vulkan] Using graphics queue 0
[23:35:13] [info] RHI: [RHI Vulkan] Using compute queue 2
[23:35:13] [info] RHI: [RHI Vulkan] Using transfer queue 1
[23:35:13] [info] RHI: Rebar Heap found 10240
[23:35:13] [info] RHI: Initializing Descriptor System system
[23:35:13] [info] RHI: Initializing resource heap of 500000 descriptors
[23:35:13] [info] RHI: Resource heap - Sampled Image descriptor Size 4
[23:35:13] [info] RHI: Resource heap - Storaged Image descriptor Size 4
[23:35:13] [info] RHI: Resource heap - Bindless buffers are disabled.
[23:35:13] [info] RHI: Descriptore Heap Storage Stride 4
[23:35:13] [info] RHI: Descriptor heap size is 2000000 bytes - 1953 KB
[23:35:13] [info] RHI: Initializing sampler heap of 2048 descriptors
[23:35:13] [info] RHI: Sampler Heap - Descriptor Stride 4
[23:35:13] [info] RHI: Descriptore Heap Storage Stride 4
[23:35:13] [info] RHI: Descriptor heap size is 8192 bytes - 8 KB
[23:35:13] [info] RHI: Max push constant size per shader is 
[23:35:13] [info] RHI: Initializing Per thread Command data.
[23:35:13] [info] Engine: [Vulkan] Created Buffer on 0 - 100663296/10737418240
[23:35:13] [info] RHI: Making use of Buffer addresses. No views created
[23:35:13] [info] Engine: [Vulkan] Created Buffer on 0 - 167772160/10737418240
[23:35:13] [info] RHI: Making use of Buffer addresses. No views created
[23:35:13] [info] Engine: [Vulkan] Created Buffer on 0 - 234881024/10737418240
[23:35:13] [info] RHI: Making use of Buffer addresses. No views created
[23:35:13] [info] Engine: [Vulkan] Created Buffer on 0 - 301989888/10737418240
[23:35:13] [info] RHI: Making use of Buffer addresses. No views created
[23:35:13] [info] Engine: [Vulkan] Created Buffer on 0 - 369098752/10737418240
[23:35:13] [info] RHI: Making use of Buffer addresses. No views created
[23:35:13] [info] Engine: [Vulkan] Created Buffer on 0 - 436207616/10737418240
[23:35:13] [info] RHI: Making use of Buffer addresses. No views created
[23:35:13] [info] Engine: [Vulkan] Created Buffer on 0 - 503316480/10737418240
[23:35:13] [info] RHI: Making use of Buffer addresses. No views created
[23:35:13] [info] Engine: [Vulkan] Created Buffer on 0 - 570425344/10737418240
[23:35:13] [info] RHI: Making use of Buffer addresses. No views created
[23:35:13] [info] Engine: [Vulkan] Created Buffer on 0 - 637534208/10737418240
[23:35:13] [info] RHI: Making use of Buffer addresses. No views created
[23:35:13] [info] Engine: [Vulkan] Created Buffer on 0 - 704643072/10737418240
[23:35:13] [info] RHI: Making use of Buffer addresses. No views created
[23:35:13] [info] Engine: [Vulkan] Created Buffer on 0 - 771751936/10737418240
[23:35:13] [info] RHI: Making use of Buffer addresses. No views created
[23:35:13] [info] Engine: [Vulkan] Created Buffer on 0 - 838860800/10737418240
[23:35:13] [info] RHI: Making use of Buffer addresses. No views created
[23:35:13] [info] Engine: [Vulkan] Created Buffer on 0 - 905969664/10737418240
[23:35:13] [info] RHI: Making use of Buffer addresses. No views created
[23:35:13] [info] Engine: [Vulkan] Created Buffer on 0 - 973078528/10737418240
[23:35:13] [info] RHI: Making use of Buffer addresses. No views created
[23:35:13] [info] Engine: [Vulkan] Created Buffer on 0 - 1040187392/10737418240
[23:35:13] [info] RHI: Making use of Buffer addresses. No views created
[23:35:13] [info] Engine: [Vulkan] Created Buffer on 0 - 1107296256/10737418240
[23:35:13] [info] RHI: Making use of Buffer addresses. No views created
[23:35:13] [info] Engine: [Vulkan] Created Buffer on 0 - 1174405120/10737418240
[23:35:13] [info] RHI: Making use of Buffer addresses. No views created
[23:35:13] [info] Engine: [Vulkan] Created Buffer on 0 - 1241513984/10737418240
[23:35:13] [info] RHI: Making use of Buffer addresses. No views created
[23:35:13] [info] Engine: [Vulkan] Created Buffer on 0 - 1308622848/10737418240
[23:35:13] [info] RHI: Making use of Buffer addresses. No views created
[23:35:13] [info] Engine: [Vulkan] Created Buffer on 0 - 1375731712/10737418240
[23:35:13] [info] RHI: Making use of Buffer addresses. No views created
[23:35:13] [info] Engine: [Vulkan] Created Buffer on 0 - 1442840576/10737418240
[23:35:13] [info] RHI: Making use of Buffer addresses. No views created
[23:35:13] [info] Engine: [Vulkan] Created Buffer on 0 - 1509949440/10737418240
[23:35:13] [info] RHI: Making use of Buffer addresses. No views created
[23:35:13] [info] Engine: [Vulkan] Created Buffer on 0 - 1577058304/10737418240
[23:35:13] [info] RHI: Making use of Buffer addresses. No views created
[23:35:13] [info] Engine: [Vulkan] Created Buffer on 0 - 1644167168/10737418240
[23:35:13] [info] RHI: Making use of Buffer addresses. No views created
[23:35:13] [info] Engine: [Vulkan] Created Buffer on 0 - 1711276032/10737418240
[23:35:13] [info] RHI: Making use of Buffer addresses. No views created
[23:35:13] [info] Application: Runtime Application starting up
[23:35:13] [warning] Engine: Failed to retrieve platform file attributes: /home/cdipaolo/dev/phx_engine/projects
[23:35:13] [info] Engine: Physical path for mount 'res://' doesn't exist
[23:35:13] [info] Engine: Successfully mounted 'art://' to '/home/cdipaolo/dev/phx_engine/Assets'
[23:35:13] [info] Engine: Successfully mounted 'res_embedded://' to 'embedded://'
[23:35:13] [info] Application: Creating Swapchain w=1600,h=900
[23:35:13] [info] RHI: Swapchain Initialized. Extent: 1600x900, Format: , Images: 3
[23:35:48] [info] Engine: Shutdown has been request. Shutting down.
[23:35:48] [info] Engine: Shutting down Application
[23:35:48] [info] Engine: AsyncIOManager: Streaming thread shutting down.
[23:35:48] [error] RHI: [Vulkan Debug] VUID-vkDestroyDevice-device-05137
	vkDestroyDevice(): Object Tracking - For VkDevice 0x5555563bf740, VkPipelineLayout 0xf000000000f has not been destroyed.
The Vulkan spec states: All child objects created on device that can be destroyed or freed must have been destroyed or freed prior to destroying device (https://docs.vulkan.org/spec/latest/chapters/devsandqueues.html#VUID-vkDestroyDevice-device-05137)
[23:35:48] [error] RHI: [Vulkan Debug] VUID-vkDestroyDevice-device-05137
	vkDestroyDevice(): Object Tracking - For VkDevice 0x5555563bf740, VkDescriptorSetLayout 0xe000000000e has not been destroyed.
The Vulkan spec states: All child objects created on device that can be destroyed or freed must have been destroyed or freed prior to destroying device (https://docs.vulkan.org/spec/latest/chapters/devsandqueues.html#VUID-vkDestroyDevice-device-05137)
[23:35:48] [error] RHI: [Vulkan Debug] VUID-vkDestroyDevice-device-05137
	vkDestroyDevice(): Object Tracking - For VkDevice 0x5555563bf740, VkDescriptorSetLayout 0xd000000000d has not been destroyed.
The Vulkan spec states: All child objects created on device that can be destroyed or freed must have been destroyed or freed prior to destroying device (https://docs.vulkan.org/spec/latest/chapters/devsandqueues.html#VUID-vkDestroyDevice-device-05137)
[23:35:48] [info] RHI: Vulkan Device Shutdown Complete.
